// Jest Snapshot v1, https://goo.gl/fbAQLP

exports[` 1`] = `
<div
  className="upload-btn-wrapper"
>
  <img
    alt="Avatar image"
    className="pf-c-avatar"
    src=""
  />
</div>
`;
